---
source: src/table.rs
expression: "render(vec![vec![\"Feature\", \"Status\", \"Description\", \"Link\"],\nvec![\"Authentication\", \"✅ completed\", \"Implements JWT-based authentication\",\n\"[Docs](https://example.com)\"],\nvec![\"Database\", \"🚧 in-progress\", \"Uses PostgreSQL with Diesel ORM\",\n\"[GitHub](https://github.com)\"],])"
---
  ┌──────────┬──────────┬────────────────────────┬──────────────────────────┐
  │ Feature  │ Status   │ Description            │ Link                     │
  ├──────────┼──────────┼────────────────────────┼──────────────────────────┤
  │ Authenti │ ✅ compl │ Implements JWT-based a │ <a href="https://example │
  │ cation   │ eted     │ uthentication          │ .com">Docs</a>           │
  ├──────────┼──────────┼────────────────────────┼──────────────────────────┤
  │ Database │ 🚧 in-pr │ Uses PostgreSQL with D │ <a href="https://github. │
  │          │ ogress   │ iesel ORM              │ com">GitHub</a>          │
  └──────────┴──────────┴────────────────────────┴──────────────────────────┘
